2025-12-26 22:33:16.538 Uncaught app exception
Traceback (most recent call last):
  File "C:\Users\alexo\Desktop\File\10Academy\week5-6\github\Improved-detection-of-fraud-cases\fraud-detection\.venv\Lib\site-packages\pandas\core\indexes\base.py", line 3812, in get_loc
    return self._engine.get_loc(casted_key)
           ^^^^^^^^^^^^^^^^^^^^^^^^^^^^^^^^
  File "pandas/_libs/index.pyx", line 167, in pandas._libs.index.IndexEngine.get_loc
  File "pandas/_libs/index.pyx", line 196, in pandas._libs.index.IndexEngine.get_loc
  File "pandas/_libs/hashtable_class_helper.pxi", line 7088, in pandas._libs.hashtable.PyObjectHashTable.get_item
  File "pandas/_libs/hashtable_class_helper.pxi", line 7096, in pandas._libs.hashtable.PyObjectHashTable.get_item
KeyError: 'time_since_signup'

The above exception was the direct cause of the following exception:

Traceback (most recent call last):
  File "C:\Users\alexo\Desktop\File\10Academy\week5-6\github\Improved-detection-of-fraud-cases\fraud-detection\.venv\Lib\site-packages\streamlit\runtime\scriptrunner\script_runner.py", line 552, in _run_script
    exec(code, module.__dict__)
  File "C:\Users\alexo\Desktop\File\10Academy\week5-6\github\Improved-detection-of-fraud-cases\fraud-detection\app.py", line 453, in <module>
    main()
  File "C:\Users\alexo\Desktop\File\10Academy\week5-6\github\Improved-detection-of-fraud-cases\fraud-detection\app.py", line 153, in main
    show_prediction_page(model, scalers, sample_data, prediction_mode=prediction_mode, api_url=api_url)
  File "C:\Users\alexo\Desktop\File\10Academy\week5-6\github\Improved-detection-of-fraud-cases\fraud-detection\app.py", line 294, in show_prediction_page
    st.write(f"Time Since Signup: {selected_row['time_since_signup']:.1f} hours")
                                   ~~~~~~~~~~~~^^^^^^^^^^^^^^^^^^^^^
  File "C:\Users\alexo\Desktop\File\10Academy\week5-6\github\Improved-detection-of-fraud-cases\fraud-detection\.venv\Lib\site-packages\pandas\core\series.py", line 1133, in __getitem__
    return self._get_value(key)
           ^^^^^^^^^^^^^^^^^^^^
  File "C:\Users\alexo\Desktop\File\10Academy\week5-6\github\Improved-detection-of-fraud-cases\fraud-detection\.venv\Lib\site-packages\pandas\core\series.py", line 1249, in _get_value
    loc = self.index.get_loc(label)
          ^^^^^^^^^^^^^^^^^^^^^^^^^
  File "C:\Users\alexo\Desktop\File\10Academy\week5-6\github\Improved-detection-of-fraud-cases\fraud-detection\.venv\Lib\site-packages\pandas\core\indexes\base.py", line 3819, in get_loc
    raise KeyError(key) from err
KeyError: 'time_since_signup'
2025-12-26 22:33:24.668 Uncaught app exception
Traceback (most recent call last):
  File "C:\Users\alexo\Desktop\File\10Academy\week5-6\github\Improved-detection-of-fraud-cases\fraud-detection\.venv\Lib\site-packages\pandas\core\indexes\base.py", line 3812, in get_loc
    return self._engine.get_loc(casted_key)
           ^^^^^^^^^^^^^^^^^^^^^^^^^^^^^^^^
  File "pandas/_libs/index.pyx", line 167, in pandas._libs.index.IndexEngine.get_loc
  File "pandas/_libs/index.pyx", line 196, in pandas._libs.index.IndexEngine.get_loc
  File "pandas/_libs/hashtable_class_helper.pxi", line 7088, in pandas._libs.hashtable.PyObjectHashTable.get_item
  File "pandas/_libs/hashtable_class_helper.pxi", line 7096, in pandas._libs.hashtable.PyObjectHashTable.get_item
KeyError: 'time_since_signup'

The above exception was the direct cause of the following exception:

Traceback (most recent call last):
  File "C:\Users\alexo\Desktop\File\10Academy\week5-6\github\Improved-detection-of-fraud-cases\fraud-detection\.venv\Lib\site-packages\streamlit\runtime\scriptrunner\script_runner.py", line 552, in _run_script
    exec(code, module.__dict__)
  File "C:\Users\alexo\Desktop\File\10Academy\week5-6\github\Improved-detection-of-fraud-cases\fraud-detection\app.py", line 453, in <module>
    main()
  File "C:\Users\alexo\Desktop\File\10Academy\week5-6\github\Improved-detection-of-fraud-cases\fraud-detection\app.py", line 153, in main
    show_prediction_page(model, scalers, sample_data, prediction_mode=prediction_mode, api_url=api_url)
  File "C:\Users\alexo\Desktop\File\10Academy\week5-6\github\Improved-detection-of-fraud-cases\fraud-detection\app.py", line 294, in show_prediction_page
    st.write(f"Time Since Signup: {selected_row['time_since_signup']:.1f} hours")
                                   ~~~~~~~~~~~~^^^^^^^^^^^^^^^^^^^^^
  File "C:\Users\alexo\Desktop\File\10Academy\week5-6\github\Improved-detection-of-fraud-cases\fraud-detection\.venv\Lib\site-packages\pandas\core\series.py", line 1133, in __getitem__
    return self._get_value(key)
           ^^^^^^^^^^^^^^^^^^^^
  File "C:\Users\alexo\Desktop\File\10Academy\week5-6\github\Improved-detection-of-fraud-cases\fraud-detection\.venv\Lib\site-packages\pandas\core\series.py", line 1249, in _get_value
    loc = self.index.get_loc(label)
          ^^^^^^^^^^^^^^^^^^^^^^^^^
  File "C:\Users\alexo\Desktop\File\10Academy\week5-6\github\Improved-detection-of-fraud-cases\fraud-detection\.venv\Lib\site-packages\pandas\core\indexes\base.py", line 3819, in get_loc
    raise KeyError(key) from err
KeyError: 'time_since_signup'
2025-12-26 22:33:28.017 Uncaught app exception
Traceback (most recent call last):
  File "C:\Users\alexo\Desktop\File\10Academy\week5-6\github\Improved-detection-of-fraud-cases\fraud-detection\.venv\Lib\site-packages\pandas\core\indexes\base.py", line 3812, in get_loc
    return self._engine.get_loc(casted_key)
           ^^^^^^^^^^^^^^^^^^^^^^^^^^^^^^^^
  File "pandas/_libs/index.pyx", line 167, in pandas._libs.index.IndexEngine.get_loc
  File "pandas/_libs/index.pyx", line 196, in pandas._libs.index.IndexEngine.get_loc
  File "pandas/_libs/hashtable_class_helper.pxi", line 7088, in pandas._libs.hashtable.PyObjectHashTable.get_item
  File "pandas/_libs/hashtable_class_helper.pxi", line 7096, in pandas._libs.hashtable.PyObjectHashTable.get_item
KeyError: 'time_since_signup'

The above exception was the direct cause of the following exception:

Traceback (most recent call last):
  File "C:\Users\alexo\Desktop\File\10Academy\week5-6\github\Improved-detection-of-fraud-cases\fraud-detection\.venv\Lib\site-packages\streamlit\runtime\scriptrunner\script_runner.py", line 552, in _run_script
    exec(code, module.__dict__)
  File "C:\Users\alexo\Desktop\File\10Academy\week5-6\github\Improved-detection-of-fraud-cases\fraud-detection\app.py", line 453, in <module>
    main()
  File "C:\Users\alexo\Desktop\File\10Academy\week5-6\github\Improved-detection-of-fraud-cases\fraud-detection\app.py", line 153, in main
    show_prediction_page(model, scalers, sample_data, prediction_mode=prediction_mode, api_url=api_url)
  File "C:\Users\alexo\Desktop\File\10Academy\week5-6\github\Improved-detection-of-fraud-cases\fraud-detection\app.py", line 294, in show_prediction_page
    st.write(f"Time Since Signup: {selected_row['time_since_signup']:.1f} hours")
                                   ~~~~~~~~~~~~^^^^^^^^^^^^^^^^^^^^^
  File "C:\Users\alexo\Desktop\File\10Academy\week5-6\github\Improved-detection-of-fraud-cases\fraud-detection\.venv\Lib\site-packages\pandas\core\series.py", line 1133, in __getitem__
    return self._get_value(key)
           ^^^^^^^^^^^^^^^^^^^^
  File "C:\Users\alexo\Desktop\File\10Academy\week5-6\github\Improved-detection-of-fraud-cases\fraud-detection\.venv\Lib\site-packages\pandas\core\series.py", line 1249, in _get_value
    loc = self.index.get_loc(label)
          ^^^^^^^^^^^^^^^^^^^^^^^^^
  File "C:\Users\alexo\Desktop\File\10Academy\week5-6\github\Improved-detection-of-fraud-cases\fraud-detection\.venv\Lib\site-packages\pandas\core\indexes\base.py", line 3819, in get_loc
    raise KeyError(key) from err
KeyError: 'time_since_signup'
2025-12-26 22:40:16.350 Uncaught app exception
Traceback (most recent call last):
  File "C:\Users\alexo\Desktop\File\10Academy\week5-6\github\Improved-detection-of-fraud-cases\fraud-detection\.venv\Lib\site-packages\pandas\core\indexes\base.py", line 3812, in get_loc
    return self._engine.get_loc(casted_key)
           ^^^^^^^^^^^^^^^^^^^^^^^^^^^^^^^^
  File "pandas/_libs/index.pyx", line 167, in pandas._libs.index.IndexEngine.get_loc
  File "pandas/_libs/index.pyx", line 196, in pandas._libs.index.IndexEngine.get_loc
  File "pandas/_libs/hashtable_class_helper.pxi", line 7088, in pandas._libs.hashtable.PyObjectHashTable.get_item
  File "pandas/_libs/hashtable_class_helper.pxi", line 7096, in pandas._libs.hashtable.PyObjectHashTable.get_item
KeyError: 'time_since_signup'

The above exception was the direct cause of the following exception:

Traceback (most recent call last):
  File "C:\Users\alexo\Desktop\File\10Academy\week5-6\github\Improved-detection-of-fraud-cases\fraud-detection\.venv\Lib\site-packages\streamlit\runtime\scriptrunner\script_runner.py", line 552, in _run_script
    exec(code, module.__dict__)
  File "C:\Users\alexo\Desktop\File\10Academy\week5-6\github\Improved-detection-of-fraud-cases\fraud-detection\app.py", line 453, in <module>
    main()
  File "C:\Users\alexo\Desktop\File\10Academy\week5-6\github\Improved-detection-of-fraud-cases\fraud-detection\app.py", line 153, in main
    show_prediction_page(model, scalers, sample_data, prediction_mode=prediction_mode, api_url=api_url)
  File "C:\Users\alexo\Desktop\File\10Academy\week5-6\github\Improved-detection-of-fraud-cases\fraud-detection\app.py", line 294, in show_prediction_page
    st.write(f"Time Since Signup: {selected_row['time_since_signup']:.1f} hours")
                                   ~~~~~~~~~~~~^^^^^^^^^^^^^^^^^^^^^
  File "C:\Users\alexo\Desktop\File\10Academy\week5-6\github\Improved-detection-of-fraud-cases\fraud-detection\.venv\Lib\site-packages\pandas\core\series.py", line 1133, in __getitem__
    return self._get_value(key)
           ^^^^^^^^^^^^^^^^^^^^
  File "C:\Users\alexo\Desktop\File\10Academy\week5-6\github\Improved-detection-of-fraud-cases\fraud-detection\.venv\Lib\site-packages\pandas\core\series.py", line 1249, in _get_value
    loc = self.index.get_loc(label)
          ^^^^^^^^^^^^^^^^^^^^^^^^^
  File "C:\Users\alexo\Desktop\File\10Academy\week5-6\github\Improved-detection-of-fraud-cases\fraud-detection\.venv\Lib\site-packages\pandas\core\indexes\base.py", line 3819, in get_loc
    raise KeyError(key) from err
KeyError: 'time_since_signup'
2025-12-26 22:44:30.696 Uncaught app exception
Traceback (most recent call last):
  File "C:\Users\alexo\Desktop\File\10Academy\week5-6\github\Improved-detection-of-fraud-cases\fraud-detection\.venv\Lib\site-packages\pandas\core\indexes\base.py", line 3812, in get_loc
    return self._engine.get_loc(casted_key)
           ^^^^^^^^^^^^^^^^^^^^^^^^^^^^^^^^
  File "pandas/_libs/index.pyx", line 167, in pandas._libs.index.IndexEngine.get_loc
  File "pandas/_libs/index.pyx", line 196, in pandas._libs.index.IndexEngine.get_loc
  File "pandas/_libs/hashtable_class_helper.pxi", line 7088, in pandas._libs.hashtable.PyObjectHashTable.get_item
  File "pandas/_libs/hashtable_class_helper.pxi", line 7096, in pandas._libs.hashtable.PyObjectHashTable.get_item
KeyError: 'time_since_signup'

The above exception was the direct cause of the following exception:

Traceback (most recent call last):
  File "C:\Users\alexo\Desktop\File\10Academy\week5-6\github\Improved-detection-of-fraud-cases\fraud-detection\.venv\Lib\site-packages\streamlit\runtime\scriptrunner\script_runner.py", line 552, in _run_script
    exec(code, module.__dict__)
  File "C:\Users\alexo\Desktop\File\10Academy\week5-6\github\Improved-detection-of-fraud-cases\fraud-detection\app.py", line 453, in <module>
    main()
  File "C:\Users\alexo\Desktop\File\10Academy\week5-6\github\Improved-detection-of-fraud-cases\fraud-detection\app.py", line 153, in main
    show_prediction_page(model, scalers, sample_data, prediction_mode=prediction_mode, api_url=api_url)
  File "C:\Users\alexo\Desktop\File\10Academy\week5-6\github\Improved-detection-of-fraud-cases\fraud-detection\app.py", line 294, in show_prediction_page
    st.write(f"Time Since Signup: {selected_row['time_since_signup']:.1f} hours")
                                   ~~~~~~~~~~~~^^^^^^^^^^^^^^^^^^^^^
  File "C:\Users\alexo\Desktop\File\10Academy\week5-6\github\Improved-detection-of-fraud-cases\fraud-detection\.venv\Lib\site-packages\pandas\core\series.py", line 1133, in __getitem__
    return self._get_value(key)
           ^^^^^^^^^^^^^^^^^^^^
  File "C:\Users\alexo\Desktop\File\10Academy\week5-6\github\Improved-detection-of-fraud-cases\fraud-detection\.venv\Lib\site-packages\pandas\core\series.py", line 1249, in _get_value
    loc = self.index.get_loc(label)
          ^^^^^^^^^^^^^^^^^^^^^^^^^
  File "C:\Users\alexo\Desktop\File\10Academy\week5-6\github\Improved-detection-of-fraud-cases\fraud-detection\.venv\Lib\site-packages\pandas\core\indexes\base.py", line 3819, in get_loc
    raise KeyError(key) from err
KeyError: 'time_since_signup'
